// Jest Snapshot v1, https://goo.gl/fbAQLP

exports[`<HeroRow /> match the snapshot 1`] = `
<div>
  <div
    class="HeroRow"
  >
    <div
      class="thumbnail"
    >
      &lt;Image /&gt;
    </div>
    <div
      class="info"
    >
      <a
        href="/hero/42"
      >
        marklar
      </a>
      <p>
        foobar
      </p>
    </div>
  </div>
</div>
`;
