// Jest Snapshot v1, https://goo.gl/fbAQLP

exports[`<Header /> match the snapshot 1`] = `
<div>
  <header
    class="Header"
  >
    <div
      class="AppBar"
    >
      <a
        href="/"
      >
        <img
          alt="logo"
          src="icon.svg"
        />
      </a>
      <div
        class="Search searchBox"
      >
        <div
          class="Input"
        >
          <input
            type="text"
            value=""
          />
        </div>
      </div>
    </div>
  </header>
</div>
`;
